******************************************************************************
             TMS320C2000 Linker PC v6.2.5                      
******************************************************************************
>> Linked Mon May 09 10:04:06 2016

OUTPUT FILE NAME:   <PSFB_F28035_V1.0_GIT.out>
ENTRY POINT SYMBOL: "_c_int00"  address: 00008d97


MEMORY CONFIGURATION

         name            origin    length      used     unused   attr    fill
----------------------  --------  ---------  --------  --------  ----  --------
PAGE 0:
  BEGIN                 00000000   00000002  00000002  00000000  RWIX
  RAMM0                 00000050   000003b0  00000185  0000022b  RWIX
  progRAM               00008000   00002000  00000e37  000011c9  RWIX
  IQTABLES              003fe000   00000b50  00000000  00000b50  RWIX
  IQTABLES2             003feb50   0000008c  00000000  0000008c  RWIX
  IQTABLES3             003febdc   000000aa  00000000  000000aa  RWIX
  BOOTROM               003ff27c   00000d44  00000000  00000d44  RWIX
  RESET                 003fffc0   00000002  00000000  00000002  RWIX

PAGE 1:
  BOOT_RSVD             00000002   0000004e  00000038  00000016  RWIX
  RAMM1                 00000480   00000380  00000312  0000006e  RWIX
  DEV_EMU               00000880   00000105  00000004  00000101  RWIX
  SYS_PWR_CTL           00000985   00000003  00000003  00000000  RWIX
  FLASH_REGS            00000a80   00000060  00000008  00000058  RWIX
  CSM                   00000ae0   00000010  00000010  00000000  RWIX
  ADC_RESULT            00000b00   00000020  00000020  00000000  RWIX
  CPU_TIMER0            00000c00   00000008  00000008  00000000  RWIX
  CPU_TIMER1            00000c08   00000008  00000008  00000000  RWIX
  CPU_TIMER2            00000c10   00000008  00000008  00000000  RWIX
  PIE_CTRL              00000ce0   00000020  0000001a  00000006  RWIX
  PIE_VECT              00000d00   00000100  00000100  00000000  RWIX
  CLA1                  00001400   00000080  00000040  00000040  RWIX
  ECANA                 00006000   00000040  00000034  0000000c  RWIX
  ECANA_LAM             00006040   00000040  00000040  00000000  RWIX
  ECANA_MOTS            00006080   00000040  00000040  00000000  RWIX
  ECANA_MOTO            000060c0   00000040  00000040  00000000  RWIX
  ECANA_MBOX            00006100   00000100  00000100  00000000  RWIX
  COMP1                 00006400   00000020  00000014  0000000c  RWIX
  COMP2                 00006420   00000020  00000014  0000000c  RWIX
  COMP3                 00006440   00000020  00000014  0000000c  RWIX
  EPWM1                 00006800   00000040  00000040  00000000  RWIX
  EPWM2                 00006840   00000040  00000040  00000000  RWIX
  EPWM3                 00006880   00000040  00000040  00000000  RWIX
  EPWM4                 000068c0   00000040  00000040  00000000  RWIX
  EPWM5                 00006900   00000040  00000040  00000000  RWIX
  EPWM6                 00006940   00000040  00000040  00000000  RWIX
  EPWM7                 00006980   00000040  00000040  00000000  RWIX
  ECAP1                 00006a00   00000020  00000020  00000000  RWIX
  HRCAP1                00006ac0   00000020  00000020  00000000  RWIX
  HRCAP2                00006ae0   00000020  00000020  00000000  RWIX
  EQEP1                 00006b00   00000040  00000040  00000000  RWIX
  LINA                  00006c00   00000080  0000004a  00000036  RWIX
  GPIOCTRL              00006f80   00000040  00000040  00000000  RWIX
  GPIODAT               00006fc0   00000020  00000020  00000000  RWIX
  GPIOINT               00006fe0   00000020  0000000c  00000014  RWIX
  SYSTEM                00007010   00000020  00000020  00000000  RWIX
  SPIA                  00007040   00000010  00000010  00000000  RWIX
  SCIA                  00007050   00000010  00000010  00000000  RWIX
  NMIINTRUPT            00007060   00000010  00000010  00000000  RWIX
  XINTRUPT              00007070   00000010  00000010  00000000  RWIX
  ADC                   00007100   00000080  00000050  00000030  RWIX
  SPIB                  00007740   00000010  00000010  00000000  RWIX
  I2CA                  00007900   00000040  00000022  0000001e  RWIX
  RAML2                 00008c00   00000400  00000000  00000400  RWIX
  dataRAM               00009000   00001000  00000244  00000dbc  RWIX
  PARTID                003d7e80   00000001  00000001  00000000  RWIX
  CSM_PWL               003f7ff8   00000008  00000008  00000000  RWIX


SECTION ALLOCATION MAP

 output                                  attributes/
section   page    origin      length       input sections
--------  ----  ----------  ----------   ----------------
codestart 
*          0    00000000    00000002     
                  00000000    00000002     DSP2803x_CodeStartBranch.obj (codestart)

.pinit     0    00000050    00000000     UNINITIALIZED

.cinit     0    00000050    0000010b     
                  00000050    000000f1     HVPSFB-Main.obj (.cinit)
                  00000141    0000000a     rts2800_ml.lib : _lock.obj (.cinit)
                  0000014b    0000000a                    : exit.obj (.cinit)
                  00000155    00000004     SciCommsGui.obj (.cinit)
                  00000159    00000002     --HOLE-- [fill = 0]

ramfuncs   0    0000015b    00000062     
                  0000015b    0000005e     HVPSFB-DPL-ISR.obj (ramfuncs)
                  000001b9    00000004     DSP2803x_usDelay.obj (ramfuncs)

.switch    0    000001be    00000018     
                  000001be    00000018     HVPSFB-Main.obj (.switch:_C1)

.text      0    00008000    00000e37     
                  00008000    00000493     HVPSFB-Main.obj (.text)
                  00008493    00000359     PWM_PSFB_VMC_SR_Cnf.obj (.text)
                  000087ec    00000262     SciCommsGui.obj (.text)
                  00008a4e    000001bf     ADC_SOC_Cnf.obj (.text)
                  00008c0d    00000111     HVPSFB-DevInit_F2803x.obj (.text)
                  00008d1e    00000079     DAC_Cnf.obj (.text)
                  00008d97    00000044     rts2800_ml.lib : boot.obj (.text)
                  00008ddb    00000019                    : args_main.obj (.text)
                  00008df4    00000019                    : exit.obj (.text)
                  00008e0d    00000014     HVPSFB-DPL-ISR.obj (.text)
                  00008e21    00000009     rts2800_ml.lib : _lock.obj (.text)
                  00008e2a    00000008     DSP2803x_CodeStartBranch.obj (.text)
                  00008e32    00000005     HVPSFB-DevInit_F2803x.obj (.text:retain)

.reset     0    003fffc0    00000002     DSECT
                  003fffc0    00000002     rts2800_ml.lib : boot.obj (.reset)

CNTL_2P2Z_Coef 
*          1    00000002    00000020     UNINITIALIZED
                  00000002    00000020     HVPSFB-Main.obj (CNTL_2P2Z_Coef)

ADCDRV_4ch_Section 
*          1    00000022    00000012     UNINITIALIZED
                  00000022    0000000a     HVPSFB-Main.obj (ADCDRV_4ch_Section)
                  0000002c    00000008     HVPSFB-DPL-ISR.obj (ADCDRV_4ch_Section)

PWMDRV_PSFB_Section 
*          1    00000034    00000006     UNINITIALIZED
                  00000034    00000006     HVPSFB-DPL-ISR.obj (PWMDRV_PSFB_Section)

.stack     1    00000480    00000300     UNINITIALIZED
                  00000480    00000300     --HOLE--

Net_terminals 
*          1    00000780    00000012     UNINITIALIZED
                  00000780    00000012     HVPSFB-DPL-ISR.obj (Net_terminals)

DevEmuRegsFile 
*          1    00000880    00000004     UNINITIALIZED
                  00000880    00000004     DSP2803x_GlobalVariableDefs.obj (DevEmuRegsFile)

SysPwrCtrlRegsFile 
*          1    00000985    00000003     UNINITIALIZED
                  00000985    00000003     DSP2803x_GlobalVariableDefs.obj (SysPwrCtrlRegsFile)

FlashRegsFile 
*          1    00000a80    00000008     UNINITIALIZED
                  00000a80    00000008     DSP2803x_GlobalVariableDefs.obj (FlashRegsFile)

CsmRegsFile 
*          1    00000ae0    00000010     UNINITIALIZED
                  00000ae0    00000010     DSP2803x_GlobalVariableDefs.obj (CsmRegsFile)

AdcResultFile 
*          1    00000b00    00000020     UNINITIALIZED
                  00000b00    00000020     DSP2803x_GlobalVariableDefs.obj (AdcResultFile)

CpuTimer0RegsFile 
*          1    00000c00    00000008     UNINITIALIZED
                  00000c00    00000008     DSP2803x_GlobalVariableDefs.obj (CpuTimer0RegsFile)

CpuTimer1RegsFile 
*          1    00000c08    00000008     UNINITIALIZED
                  00000c08    00000008     DSP2803x_GlobalVariableDefs.obj (CpuTimer1RegsFile)

CpuTimer2RegsFile 
*          1    00000c10    00000008     UNINITIALIZED
                  00000c10    00000008     DSP2803x_GlobalVariableDefs.obj (CpuTimer2RegsFile)

PieCtrlRegsFile 
*          1    00000ce0    0000001a     UNINITIALIZED
                  00000ce0    0000001a     DSP2803x_GlobalVariableDefs.obj (PieCtrlRegsFile)

PieVectTableFile 
*          1    00000d00    00000100     UNINITIALIZED
                  00000d00    00000100     DSP2803x_GlobalVariableDefs.obj (PieVectTableFile)

EmuKeyVar 
*          1    00000d00    00000001     UNINITIALIZED
                  00000d00    00000001     DSP2803x_GlobalVariableDefs.obj (EmuKeyVar)

EmuBModeVar 
*          1    00000d01    00000001     UNINITIALIZED
                  00000d01    00000001     DSP2803x_GlobalVariableDefs.obj (EmuBModeVar)

FlashCallbackVar 
*          1    00000d02    00000002     UNINITIALIZED
                  00000d02    00000002     DSP2803x_GlobalVariableDefs.obj (FlashCallbackVar)

FlashScalingVar 
*          1    00000d04    00000002     UNINITIALIZED
                  00000d04    00000002     DSP2803x_GlobalVariableDefs.obj (FlashScalingVar)

Cla1RegsFile 
*          1    00001400    00000040     UNINITIALIZED
                  00001400    00000040     DSP2803x_GlobalVariableDefs.obj (Cla1RegsFile)

ECanaRegsFile 
*          1    00006000    00000034     UNINITIALIZED
                  00006000    00000034     DSP2803x_GlobalVariableDefs.obj (ECanaRegsFile)

ECanaLAMRegsFile 
*          1    00006040    00000040     UNINITIALIZED
                  00006040    00000040     DSP2803x_GlobalVariableDefs.obj (ECanaLAMRegsFile)

ECanaMOTSRegsFile 
*          1    00006080    00000040     UNINITIALIZED
                  00006080    00000040     DSP2803x_GlobalVariableDefs.obj (ECanaMOTSRegsFile)

ECanaMOTORegsFile 
*          1    000060c0    00000040     UNINITIALIZED
                  000060c0    00000040     DSP2803x_GlobalVariableDefs.obj (ECanaMOTORegsFile)

ECanaMboxesFile 
*          1    00006100    00000100     UNINITIALIZED
                  00006100    00000100     DSP2803x_GlobalVariableDefs.obj (ECanaMboxesFile)

Comp1RegsFile 
*          1    00006400    00000014     UNINITIALIZED
                  00006400    00000014     DSP2803x_GlobalVariableDefs.obj (Comp1RegsFile)

Comp2RegsFile 
*          1    00006420    00000014     UNINITIALIZED
                  00006420    00000014     DSP2803x_GlobalVariableDefs.obj (Comp2RegsFile)

Comp3RegsFile 
*          1    00006440    00000014     UNINITIALIZED
                  00006440    00000014     DSP2803x_GlobalVariableDefs.obj (Comp3RegsFile)

EPwm1RegsFile 
*          1    00006800    00000040     UNINITIALIZED
                  00006800    00000040     DSP2803x_GlobalVariableDefs.obj (EPwm1RegsFile)

EPwm2RegsFile 
*          1    00006840    00000040     UNINITIALIZED
                  00006840    00000040     DSP2803x_GlobalVariableDefs.obj (EPwm2RegsFile)

EPwm3RegsFile 
*          1    00006880    00000040     UNINITIALIZED
                  00006880    00000040     DSP2803x_GlobalVariableDefs.obj (EPwm3RegsFile)

EPwm4RegsFile 
*          1    000068c0    00000040     UNINITIALIZED
                  000068c0    00000040     DSP2803x_GlobalVariableDefs.obj (EPwm4RegsFile)

EPwm5RegsFile 
*          1    00006900    00000040     UNINITIALIZED
                  00006900    00000040     DSP2803x_GlobalVariableDefs.obj (EPwm5RegsFile)

EPwm6RegsFile 
*          1    00006940    00000040     UNINITIALIZED
                  00006940    00000040     DSP2803x_GlobalVariableDefs.obj (EPwm6RegsFile)

EPwm7RegsFile 
*          1    00006980    00000040     UNINITIALIZED
                  00006980    00000040     DSP2803x_GlobalVariableDefs.obj (EPwm7RegsFile)

ECap1RegsFile 
*          1    00006a00    00000020     UNINITIALIZED
                  00006a00    00000020     DSP2803x_GlobalVariableDefs.obj (ECap1RegsFile)

HRCap1RegsFile 
*          1    00006ac0    00000020     UNINITIALIZED
                  00006ac0    00000020     DSP2803x_GlobalVariableDefs.obj (HRCap1RegsFile)

HRCap2RegsFile 
*          1    00006ae0    00000020     UNINITIALIZED
                  00006ae0    00000020     DSP2803x_GlobalVariableDefs.obj (HRCap2RegsFile)

EQep1RegsFile 
*          1    00006b00    00000040     UNINITIALIZED
                  00006b00    00000040     DSP2803x_GlobalVariableDefs.obj (EQep1RegsFile)

LinaRegsFile 
*          1    00006c00    0000004a     UNINITIALIZED
                  00006c00    0000004a     DSP2803x_GlobalVariableDefs.obj (LinaRegsFile)

GpioCtrlRegsFile 
*          1    00006f80    00000040     UNINITIALIZED
                  00006f80    00000040     DSP2803x_GlobalVariableDefs.obj (GpioCtrlRegsFile)

GpioDataRegsFile 
*          1    00006fc0    00000020     UNINITIALIZED
                  00006fc0    00000020     DSP2803x_GlobalVariableDefs.obj (GpioDataRegsFile)

GpioIntRegsFile 
*          1    00006fe0    0000000c     UNINITIALIZED
                  00006fe0    0000000c     DSP2803x_GlobalVariableDefs.obj (GpioIntRegsFile)

SysCtrlRegsFile 
*          1    00007010    00000020     UNINITIALIZED
                  00007010    00000020     DSP2803x_GlobalVariableDefs.obj (SysCtrlRegsFile)

SpiaRegsFile 
*          1    00007040    00000010     UNINITIALIZED
                  00007040    00000010     DSP2803x_GlobalVariableDefs.obj (SpiaRegsFile)

SciaRegsFile 
*          1    00007050    00000010     UNINITIALIZED
                  00007050    00000010     DSP2803x_GlobalVariableDefs.obj (SciaRegsFile)

NmiIntruptRegsFile 
*          1    00007060    00000010     UNINITIALIZED
                  00007060    00000010     DSP2803x_GlobalVariableDefs.obj (NmiIntruptRegsFile)

XIntruptRegsFile 
*          1    00007070    00000010     UNINITIALIZED
                  00007070    00000010     DSP2803x_GlobalVariableDefs.obj (XIntruptRegsFile)

AdcRegsFile 
*          1    00007100    00000050     UNINITIALIZED
                  00007100    00000050     DSP2803x_GlobalVariableDefs.obj (AdcRegsFile)

SpibRegsFile 
*          1    00007740    00000010     UNINITIALIZED
                  00007740    00000010     DSP2803x_GlobalVariableDefs.obj (SpibRegsFile)

I2caRegsFile 
*          1    00007900    00000022     UNINITIALIZED
                  00007900    00000022     DSP2803x_GlobalVariableDefs.obj (I2caRegsFile)

.ebss      1    00009000    00000244     UNINITIALIZED
                  00009000    00000200     HVPSFB-Main.obj (.ebss)
                  00009200    0000003c     SciCommsGui.obj (.ebss)
                  0000923c    00000004     rts2800_ml.lib : _lock.obj (.ebss)
                  00009240    00000004                    : exit.obj (.ebss)

PartIdRegsFile 
*          1    003d7e80    00000001     UNINITIALIZED
                  003d7e80    00000001     DSP2803x_GlobalVariableDefs.obj (PartIdRegsFile)

CsmPwlFile 
*          1    003f7ff8    00000008     UNINITIALIZED
                  003f7ff8    00000008     DSP2803x_GlobalVariableDefs.obj (CsmPwlFile)


GLOBAL DATA SYMBOLS: SORTED BY DATA PAGE

address     data page           name
--------    ----------------    ----
00000002       0 (00000000)     _CNTL_2P2Z_CoefStruct2
00000012       0 (00000000)     _CNTL_2P2Z_CoefStruct1
00000022       0 (00000000)     _Adc_VavgBus
0000002c       0 (00000000)     _ADCDRV_4ch_RltPtrA
0000002e       0 (00000000)     _ADCDRV_4ch_RltPtrB
00000030       0 (00000000)     _ADCDRV_4ch_RltPtrC
00000032       0 (00000000)     _ADCDRV_4ch_RltPtrD
00000034       0 (00000000)     _PWMDRV_PSFB_Phase1
00000036       0 (00000000)     _PWMDRV_PSFB_DbAtoP1
00000038       0 (00000000)     _PWMDRV_PSFB_DbPtoA1

00000480      12 (00000480)     __stack

00000880      22 (00000880)     _DevEmuRegs

00000985      26 (00000980)     _SysPwrCtrlRegs

00000a80      2a (00000a80)     _FlashRegs

00000ae0      2b (00000ac0)     _CsmRegs

00000b00      2c (00000b00)     _AdcResult

00000c00      30 (00000c00)     _CpuTimer0Regs
00000c08      30 (00000c00)     _CpuTimer1Regs
00000c10      30 (00000c00)     _CpuTimer2Regs

00000ce0      33 (00000cc0)     _PieCtrlRegs

00000d00      34 (00000d00)     _EmuKey
00000d00      34 (00000d00)     _PieVectTable
00000d01      34 (00000d00)     _EmuBMode
00000d02      34 (00000d00)     _Flash_CallbackPtr
00000d04      34 (00000d00)     _Flash_CPUScaleFactor

00001400      50 (00001400)     _Cla1Regs

00006000     180 (00006000)     _ECanaRegs

00006040     181 (00006040)     _ECanaLAMRegs

00006080     182 (00006080)     _ECanaMOTSRegs

000060c0     183 (000060c0)     _ECanaMOTORegs

00006100     184 (00006100)     _ECanaMboxes

00006400     190 (00006400)     _Comp1Regs
00006420     190 (00006400)     _Comp2Regs

00006440     191 (00006440)     _Comp3Regs

00006800     1a0 (00006800)     _EPwm1Regs

00006840     1a1 (00006840)     _EPwm2Regs

00006880     1a2 (00006880)     _EPwm3Regs

000068c0     1a3 (000068c0)     _EPwm4Regs

00006900     1a4 (00006900)     _EPwm5Regs

00006940     1a5 (00006940)     _EPwm6Regs

00006980     1a6 (00006980)     _EPwm7Regs

00006a00     1a8 (00006a00)     _ECap1Regs

00006ac0     1ab (00006ac0)     _HRCap1Regs
00006ae0     1ab (00006ac0)     _HRCap2Regs

00006b00     1ac (00006b00)     _EQep1Regs

00006c00     1b0 (00006c00)     _LinaRegs

00006f80     1be (00006f80)     _GpioCtrlRegs

00006fc0     1bf (00006fc0)     _GpioDataRegs
00006fe0     1bf (00006fc0)     _GpioIntRegs

00007010     1c0 (00007000)     _SysCtrlRegs

00007040     1c1 (00007040)     _SpiaRegs
00007050     1c1 (00007040)     _SciaRegs
00007060     1c1 (00007040)     _NmiIntruptRegs
00007070     1c1 (00007040)     _XIntruptRegs

00007100     1c4 (00007100)     _AdcRegs

00007740     1dd (00007740)     _SpibRegs

00007900     1e4 (00007900)     _I2caRegs

00009000     240 (00009000)     _CommsOKflg
00009001     240 (00009000)     _SerialCommsTimer
00009002     240 (00009000)     _Igain_Gui
00009003     240 (00009000)     _Ipri_trip
00009004     240 (00009000)     _Pgain_Gui
00009005     240 (00009000)     _Auto_Run
00009006     240 (00009000)     _a2_Gui
00009007     240 (00009000)     _a1_Gui
00009008     240 (00009000)     _b0_Gui
00009009     240 (00009000)     _b2_Gui
0000900a     240 (00009000)     _b1_Gui
0000900b     240 (00009000)     _dbPtoA_leg
0000900c     240 (00009000)     _dbAtoP_leg
0000900d     240 (00009000)     _SR_mode
0000900e     240 (00009000)     _range
0000900f     240 (00009000)     _No_2p2z
00009010     240 (00009000)     _auto_DB
00009011     240 (00009000)     _Iout_diff
00009012     240 (00009000)     _Dgain_Gui
00009013     240 (00009000)     _Iout_prev
00009014     240 (00009000)     _start_flag
00009015     240 (00009000)     _sub_adj
00009016     240 (00009000)     _input_good
00009017     240 (00009000)     _iK_Ifb
00009018     240 (00009000)     _iK_Vfbout
00009019     240 (00009000)     _K_Iout
0000901a     240 (00009000)     _K_Ifb
0000901b     240 (00009000)     _K_Vfbout
0000901c     240 (00009000)     _K_Vfbin
0000901d     240 (00009000)     _temp_Iout
0000901e     240 (00009000)     _temp_ChNum
0000901f     240 (00009000)     _HistPtr
00009020     240 (00009000)     _temp_Scratch
00009021     240 (00009000)     _i
00009022     240 (00009000)     _Gui_Vfbin
00009023     240 (00009000)     _Gui_VfbSet
00009024     240 (00009000)     _Gui_Ifb
00009025     240 (00009000)     _Gui_Iout
00009026     240 (00009000)     _Gui_Vfbout
00009027     240 (00009000)     _pid2p2z_Gui
00009028     240 (00009000)     _a0_Gui
00009029     240 (00009000)     _coeff_change
0000902a     240 (00009000)     _Gui_IfbSet
0000902b     240 (00009000)     _FaultFlg
0000902c     240 (00009000)     _Gui_Pout
0000902e     240 (00009000)     _Pgain
00009030     240 (00009000)     _Dmax
00009032     240 (00009000)     _Dgain
00009034     240 (00009000)     _Igain
00009036     240 (00009000)     _Adc_Ifb
00009038     240 (00009000)     _Adc_Vfbout
0000903a     240 (00009000)     _Adc_Iout
0000903c     240 (00009000)     _Adc_Vfbin
0000903e     240 (00009000)     _B_Task_Ptr

00009040     241 (00009040)     _A_Task_Ptr
00009042     241 (00009040)     _C_Task_Ptr
00009044     241 (00009040)     _Vfb_slew_temp
00009046     241 (00009040)     _Iref
00009048     241 (00009040)     _VfbSlewRate
0000904a     241 (00009040)     _VfbSetSlewed
0000904c     241 (00009040)     _Vref
0000904e     241 (00009040)     _Alpha_State_Ptr
00009050     241 (00009040)     _phase
00009052     241 (00009040)     _VTimer1
00009056     241 (00009040)     _VTimer0
0000905a     241 (00009040)     _VTimer2
0000905e     241 (00009040)     _Vset
00009063     241 (00009040)     _Vmargin
00009068     241 (00009040)     _Hist_Vfbin
00009070     241 (00009040)     _Hist_Ifb
00009078     241 (00009040)     _Hist_Vfbout

00009080     242 (00009080)     _Hist_Iout
00009088     242 (00009080)     _Comp
00009090     242 (00009080)     _ACQPS
000090a0     242 (00009080)     _TrigSel
000090b0     242 (00009080)     _ChSel

000090c0     243 (000090c0)     _ePWM
000090d0     243 (000090c0)     _varGetList

00009100     244 (00009100)     _arrayGetList
00009120     244 (00009100)     _varSetBtnList

00009140     245 (00009140)     _varSetSldrList

00009180     246 (00009180)     _varSetTxtList

00009200     248 (00009200)     _j
00009201     248 (00009200)     _NumWords
00009202     248 (00009200)     _MemGetPtr
00009203     248 (00009200)     _TaskDoneFlag
00009204     248 (00009200)     _delayer
00009205     248 (00009200)     _RcvTskPtrShdw
00009206     248 (00009200)     _dataOut
00009207     248 (00009200)     _wordsLeftToGet
00009208     248 (00009200)     _RxWord
00009209     248 (00009200)     _skipval
0000920a     248 (00009200)     _SendTaskPtr
0000920b     248 (00009200)     _RxChar
0000920c     248 (00009200)     _LowByteFlag
0000920d     248 (00009200)     _MemGetAmount
0000920e     248 (00009200)     _Temp
00009210     248 (00009200)     _memDataPtr
00009212     248 (00009200)     _MemGetAddress
00009214     248 (00009200)     _RcvTaskPointer
00009216     248 (00009200)     _CmdPacket
0000921c     248 (00009200)     _CmdDispatcher
0000923c     248 (00009200)     __unlock
0000923e     248 (00009200)     __lock

00009240     249 (00009240)     ___TI_cleanup_ptr
00009242     249 (00009240)     ___TI_dtors_ptr

003d7e80    f5fa (003d7e80)     _PartIdRegs

003f7ff8    fdff (003f7fc0)     _CsmPwl


GLOBAL SYMBOLS: SORTED ALPHABETICALLY BY Name 

address    name
--------   ----
00008000   .text
00008df4   C$$EXIT
00008160   _A0
000081a3   _A1
0000821f   _A2
00009090   _ACQPS
0000002c   _ADCDRV_4ch_RltPtrA
0000002e   _ADCDRV_4ch_RltPtrB
00000030   _ADCDRV_4ch_RltPtrC
00000032   _ADCDRV_4ch_RltPtrD
00008a4e   _ADC_SOC_CNF
00009040   _A_Task_Ptr
00007100   _AdcRegs
00000b00   _AdcResult
00009036   _Adc_Ifb
0000903a   _Adc_Iout
00000022   _Adc_VavgBus
0000903c   _Adc_Vfbin
00009038   _Adc_Vfbout
0000904e   _Alpha_State_Ptr
000089a6   _ArrayGet
00009005   _Auto_Run
00008176   _B0
0000823a   _B1
0000903e   _B_Task_Ptr
00008987   _ButtonSet
0000818d   _C0
000082da   _C1
00008444   _C2
00000012   _CNTL_2P2Z_CoefStruct1
00000002   _CNTL_2P2Z_CoefStruct2
00009042   _C_Task_Ptr
000090b0   _ChSel
00001400   _Cla1Regs
0000921c   _CmdDispatcher
00008928   _CmdInterpreter
00009216   _CmdPacket
00009000   _CommsOKflg
00009088   _Comp
00006400   _Comp1Regs
00006420   _Comp2Regs
00006440   _Comp3Regs
00000c00   _CpuTimer0Regs
00000c08   _CpuTimer1Regs
00000c10   _CpuTimer2Regs
003f7ff8   _CsmPwl
00000ae0   _CsmRegs
0000015b   _DPL_ISR
00008e0d   _DPL_Init
000001b9   _DSP28x_usDelay
00008d1e   _DacDrvCnf
000089a9   _DataGet
00000880   _DevEmuRegs
00008c0d   _DeviceInit
00009032   _Dgain
00009012   _Dgain_Gui
00009030   _Dmax
00006040   _ECanaLAMRegs
000060c0   _ECanaMOTORegs
00006080   _ECanaMOTSRegs
00006100   _ECanaMboxes
00006000   _ECanaRegs
00006a00   _ECap1Regs
00006800   _EPwm1Regs
00006840   _EPwm2Regs
00006880   _EPwm3Regs
000068c0   _EPwm4Regs
00006900   _EPwm5Regs
00006940   _EPwm6Regs
00006980   _EPwm7Regs
00006b00   _EQep1Regs
00008889   _EchoCmdByte
000088fb   _EchoDataByte
000088c2   _EchoSizeByte
00000d01   _EmuBMode
00000d00   _EmuKey
0000902b   _FaultFlg
00000a80   _FlashRegs
00000d04   _Flash_CPUScaleFactor
00000d02   _Flash_CallbackPtr
00008853   _GetCmdByte
000088d9   _GetDataByte
000088a0   _GetSizeByte
00006f80   _GpioCtrlRegs
00006fc0   _GpioDataRegs
00006fe0   _GpioIntRegs
00009024   _Gui_Ifb
0000902a   _Gui_IfbSet
00009025   _Gui_Iout
0000902c   _Gui_Pout
00009023   _Gui_VfbSet
00009022   _Gui_Vfbin
00009026   _Gui_Vfbout
00006ac0   _HRCap1Regs
00006ae0   _HRCap2Regs
0000901f   _HistPtr
00009070   _Hist_Ifb
00009080   _Hist_Iout
00009068   _Hist_Vfbin
00009078   _Hist_Vfbout
00007900   _I2caRegs
00008e32   _ISR_ILLEGAL
00009034   _Igain
00009002   _Igain_Gui
00009011   _Iout_diff
00009013   _Iout_prev
00009003   _Ipri_trip
00009046   _Iref
0000901a   _K_Ifb
00009019   _K_Iout
0000901c   _K_Vfbin
0000901b   _K_Vfbout
0000894d   _LifePulseTsk
00006c00   _LinaRegs
0000920c   _LowByteFlag
00008d09   _MemCopy
00009212   _MemGetAddress
0000920d   _MemGetAmount
00009202   _MemGetPtr
00007060   _NmiIntruptRegs
0000900f   _No_2p2z
00009201   _NumWords
00008c94   _PLLset
00000036   _PWMDRV_PSFB_DbAtoP1
00000038   _PWMDRV_PSFB_DbPtoA1
00000034   _PWMDRV_PSFB_Phase1
00008493   _PWMDRV_PSFB_VMC_SR_CNF
0000890e   _PackWord
003d7e80   _PartIdRegs
0000902e   _Pgain
00009004   _Pgain_Gui
00008cce   _PieCntlInit
00000ce0   _PieCtrlRegs
00000d00   _PieVectTable
00008ced   _PieVectTableInit
00009214   _RcvTaskPointer
00009205   _RcvTskPtrShdw
0000920b   _RxChar
00009208   _RxWord
000087ec   _SCIA_Init
0000900d   _SR_mode
00007050   _SciaRegs
000089ef   _SendData
0000920a   _SendTaskPtr
00009001   _SerialCommsTimer
0000884e   _SerialHostComms
00008995   _SliderSet
000089d1   _SpareTsk07
000089d6   _SpareTsk08
000089db   _SpareTsk09
000089e0   _SpareTsk10
000089e5   _SpareTsk11
000089ea   _SpareTsk12
00007040   _SpiaRegs
00007740   _SpibRegs
00007010   _SysCtrlRegs
00000985   _SysPwrCtrlRegs
00009203   _TaskDoneFlag
0000920e   _Temp
00008979   _TextSet
000090a0   _TrigSel
00009056   _VTimer0
00009052   _VTimer1
0000905a   _VTimer2
000089a3   _VariableGet
0000904a   _VfbSetSlewed
00009048   _VfbSlewRate
00009044   _Vfb_slew_temp
00009063   _Vmargin
0000904c   _Vref
0000905e   _Vset
00008c8c   _WDogDisable
00007070   _XIntruptRegs
00000780   __STACK_END
00000300   __STACK_SIZE
00000001   __TI_args_main
00009240   ___TI_cleanup_ptr
00009242   ___TI_dtors_ptr
ffffffff   ___binit__
ffffffff   ___c_args__
00000050   ___cinit__
00008e37   ___etext__
ffffffff   ___pinit__
00008000   ___text__
00008ddb   __args_main
0000923e   __lock
00008e29   __nop
00008e25   __register_lock
00008e21   __register_unlock
00000480   __stack
0000923c   __unlock
00009028   _a0_Gui
00009007   _a1_Gui
00009006   _a2_Gui
00008df4   _abort
00009100   _arrayGetList
00009010   _auto_DB
00009008   _b0_Gui
0000900a   _b1_Gui
00009009   _b2_Gui
00008d97   _c_int00
00009029   _coeff_change
00009206   _dataOut
0000900c   _dbAtoP_leg
0000900b   _dbPtoA_leg
00009204   _delayer
000090c0   _ePWM
00008df6   _exit
00009021   _i
00009017   _iK_Ifb
00009018   _iK_Vfbout
00009016   _input_good
00009200   _j
00008000   _main
00009210   _memDataPtr
00009050   _phase
00009027   _pid2p2z_Gui
0000900e   _range
00009209   _skipval
00009014   _start_flag
00009015   _sub_adj
0000901e   _temp_ChNum
0000901d   _temp_Iout
00009020   _temp_Scratch
000090d0   _varGetList
00009120   _varSetBtnList
00009140   _varSetSldrList
00009180   _varSetTxtList
00009207   _wordsLeftToGet
ffffffff   binit
00000050   cinit
00000000   code_start
00008e37   etext
ffffffff   pinit


GLOBAL SYMBOLS: SORTED BY Symbol Address 

address    name
--------   ----
00000000   code_start
00000001   __TI_args_main
00000002   _CNTL_2P2Z_CoefStruct2
00000012   _CNTL_2P2Z_CoefStruct1
00000022   _Adc_VavgBus
0000002c   _ADCDRV_4ch_RltPtrA
0000002e   _ADCDRV_4ch_RltPtrB
00000030   _ADCDRV_4ch_RltPtrC
00000032   _ADCDRV_4ch_RltPtrD
00000034   _PWMDRV_PSFB_Phase1
00000036   _PWMDRV_PSFB_DbAtoP1
00000038   _PWMDRV_PSFB_DbPtoA1
00000050   ___cinit__
00000050   cinit
0000015b   _DPL_ISR
000001b9   _DSP28x_usDelay
00000300   __STACK_SIZE
00000480   __stack
00000780   __STACK_END
00000880   _DevEmuRegs
00000985   _SysPwrCtrlRegs
00000a80   _FlashRegs
00000ae0   _CsmRegs
00000b00   _AdcResult
00000c00   _CpuTimer0Regs
00000c08   _CpuTimer1Regs
00000c10   _CpuTimer2Regs
00000ce0   _PieCtrlRegs
00000d00   _EmuKey
00000d00   _PieVectTable
00000d01   _EmuBMode
00000d02   _Flash_CallbackPtr
00000d04   _Flash_CPUScaleFactor
00001400   _Cla1Regs
00006000   _ECanaRegs
00006040   _ECanaLAMRegs
00006080   _ECanaMOTSRegs
000060c0   _ECanaMOTORegs
00006100   _ECanaMboxes
00006400   _Comp1Regs
00006420   _Comp2Regs
00006440   _Comp3Regs
00006800   _EPwm1Regs
00006840   _EPwm2Regs
00006880   _EPwm3Regs
000068c0   _EPwm4Regs
00006900   _EPwm5Regs
00006940   _EPwm6Regs
00006980   _EPwm7Regs
00006a00   _ECap1Regs
00006ac0   _HRCap1Regs
00006ae0   _HRCap2Regs
00006b00   _EQep1Regs
00006c00   _LinaRegs
00006f80   _GpioCtrlRegs
00006fc0   _GpioDataRegs
00006fe0   _GpioIntRegs
00007010   _SysCtrlRegs
00007040   _SpiaRegs
00007050   _SciaRegs
00007060   _NmiIntruptRegs
00007070   _XIntruptRegs
00007100   _AdcRegs
00007740   _SpibRegs
00007900   _I2caRegs
00008000   .text
00008000   ___text__
00008000   _main
00008160   _A0
00008176   _B0
0000818d   _C0
000081a3   _A1
0000821f   _A2
0000823a   _B1
000082da   _C1
00008444   _C2
00008493   _PWMDRV_PSFB_VMC_SR_CNF
000087ec   _SCIA_Init
0000884e   _SerialHostComms
00008853   _GetCmdByte
00008889   _EchoCmdByte
000088a0   _GetSizeByte
000088c2   _EchoSizeByte
000088d9   _GetDataByte
000088fb   _EchoDataByte
0000890e   _PackWord
00008928   _CmdInterpreter
0000894d   _LifePulseTsk
00008979   _TextSet
00008987   _ButtonSet
00008995   _SliderSet
000089a3   _VariableGet
000089a6   _ArrayGet
000089a9   _DataGet
000089d1   _SpareTsk07
000089d6   _SpareTsk08
000089db   _SpareTsk09
000089e0   _SpareTsk10
000089e5   _SpareTsk11
000089ea   _SpareTsk12
000089ef   _SendData
00008a4e   _ADC_SOC_CNF
00008c0d   _DeviceInit
00008c8c   _WDogDisable
00008c94   _PLLset
00008cce   _PieCntlInit
00008ced   _PieVectTableInit
00008d09   _MemCopy
00008d1e   _DacDrvCnf
00008d97   _c_int00
00008ddb   __args_main
00008df4   C$$EXIT
00008df4   _abort
00008df6   _exit
00008e0d   _DPL_Init
00008e21   __register_unlock
00008e25   __register_lock
00008e29   __nop
00008e32   _ISR_ILLEGAL
00008e37   ___etext__
00008e37   etext
00009000   _CommsOKflg
00009001   _SerialCommsTimer
00009002   _Igain_Gui
00009003   _Ipri_trip
00009004   _Pgain_Gui
00009005   _Auto_Run
00009006   _a2_Gui
00009007   _a1_Gui
00009008   _b0_Gui
00009009   _b2_Gui
0000900a   _b1_Gui
0000900b   _dbPtoA_leg
0000900c   _dbAtoP_leg
0000900d   _SR_mode
0000900e   _range
0000900f   _No_2p2z
00009010   _auto_DB
00009011   _Iout_diff
00009012   _Dgain_Gui
00009013   _Iout_prev
00009014   _start_flag
00009015   _sub_adj
00009016   _input_good
00009017   _iK_Ifb
00009018   _iK_Vfbout
00009019   _K_Iout
0000901a   _K_Ifb
0000901b   _K_Vfbout
0000901c   _K_Vfbin
0000901d   _temp_Iout
0000901e   _temp_ChNum
0000901f   _HistPtr
00009020   _temp_Scratch
00009021   _i
00009022   _Gui_Vfbin
00009023   _Gui_VfbSet
00009024   _Gui_Ifb
00009025   _Gui_Iout
00009026   _Gui_Vfbout
00009027   _pid2p2z_Gui
00009028   _a0_Gui
00009029   _coeff_change
0000902a   _Gui_IfbSet
0000902b   _FaultFlg
0000902c   _Gui_Pout
0000902e   _Pgain
00009030   _Dmax
00009032   _Dgain
00009034   _Igain
00009036   _Adc_Ifb
00009038   _Adc_Vfbout
0000903a   _Adc_Iout
0000903c   _Adc_Vfbin
0000903e   _B_Task_Ptr
00009040   _A_Task_Ptr
00009042   _C_Task_Ptr
00009044   _Vfb_slew_temp
00009046   _Iref
00009048   _VfbSlewRate
0000904a   _VfbSetSlewed
0000904c   _Vref
0000904e   _Alpha_State_Ptr
00009050   _phase
00009052   _VTimer1
00009056   _VTimer0
0000905a   _VTimer2
0000905e   _Vset
00009063   _Vmargin
00009068   _Hist_Vfbin
00009070   _Hist_Ifb
00009078   _Hist_Vfbout
00009080   _Hist_Iout
00009088   _Comp
00009090   _ACQPS
000090a0   _TrigSel
000090b0   _ChSel
000090c0   _ePWM
000090d0   _varGetList
00009100   _arrayGetList
00009120   _varSetBtnList
00009140   _varSetSldrList
00009180   _varSetTxtList
00009200   _j
00009201   _NumWords
00009202   _MemGetPtr
00009203   _TaskDoneFlag
00009204   _delayer
00009205   _RcvTskPtrShdw
00009206   _dataOut
00009207   _wordsLeftToGet
00009208   _RxWord
00009209   _skipval
0000920a   _SendTaskPtr
0000920b   _RxChar
0000920c   _LowByteFlag
0000920d   _MemGetAmount
0000920e   _Temp
00009210   _memDataPtr
00009212   _MemGetAddress
00009214   _RcvTaskPointer
00009216   _CmdPacket
0000921c   _CmdDispatcher
0000923c   __unlock
0000923e   __lock
00009240   ___TI_cleanup_ptr
00009242   ___TI_dtors_ptr
003d7e80   _PartIdRegs
003f7ff8   _CsmPwl
ffffffff   ___binit__
ffffffff   ___c_args__
ffffffff   ___pinit__
ffffffff   binit
ffffffff   pinit

[234 symbols]
